2025-04-04 04:45:28.812010 - Received CBT.V508.FILE126.PDS from FILE126.XMI 
2025-04-04 04:45:28.813293 - Found $$$#DATE.txt (text/plain) in CBT.V508.FILE126.PDS, moved to PDS/$$$#DATE
2025-04-04 04:45:28.813440 - Found $$$420.txt (text/plain) in CBT.V508.FILE126.PDS, moved to PDS/$$$420
2025-04-04 04:45:28.813585 - Found $$DOC.txt (text/plain) in CBT.V508.FILE126.PDS, moved to PDS/$$DOC
2025-04-04 04:45:28.813768 - Found $MODS220.txt (text/plain) in CBT.V508.FILE126.PDS, moved to PDS/$MODS220
2025-04-04 04:45:28.813886 - Found $USERCBS.txt (text/plain) in CBT.V508.FILE126.PDS, moved to PDS/$USERCBS
2025-04-04 04:45:28.814000 - Found @FILE126.txt (text/plain) in CBT.V508.FILE126.PDS, moved to PDS/@FILE126
2025-04-04 04:45:28.814123 - Found @SMC3PO.jcl (text/plain) in CBT.V508.FILE126.PDS, moved to PDS/@SMC3PO
2025-04-04 04:45:28.814239 - Found @SMEXIT4.jcl (text/plain) in CBT.V508.FILE126.PDS, moved to PDS/@SMEXIT4
2025-04-04 04:45:28.814352 - Found @SMEXIT7.jcl (text/plain) in CBT.V508.FILE126.PDS, moved to PDS/@SMEXIT7
2025-04-04 04:45:28.814467 - Found @SMEXIT8.jcl (text/plain) in CBT.V508.FILE126.PDS, moved to PDS/@SMEXIT8
2025-04-04 04:45:28.814584 - Found @SMVMXIT.jcl (text/plain) in CBT.V508.FILE126.PDS, moved to PDS/@SMVMXIT
2025-04-04 04:45:28.814691 - Found @SM0025B.jcl (text/plain) in CBT.V508.FILE126.PDS, moved to PDS/@SM0025B
2025-04-04 04:45:28.814806 - Found @ZAPRDPS.jcl (text/plain) in CBT.V508.FILE126.PDS, moved to PDS/@ZAPRDPS
2025-04-04 04:45:28.814919 - Found C3POTBL.txt (text/plain) in CBT.V508.FILE126.PDS, moved to PDS/C3POTBL
2025-04-04 04:45:28.815034 - Found HASPXJ04.txt (text/plain) in CBT.V508.FILE126.PDS, moved to PDS/HASPXJ04
2025-04-04 04:45:28.815216 - Found HASPXJ07.txt (text/plain) in CBT.V508.FILE126.PDS, moved to PDS/HASPXJ07
2025-04-04 04:45:28.815344 - Found HASPXS08.txt (text/plain) in CBT.V508.FILE126.PDS, moved to PDS/HASPXS08
2025-04-04 04:45:28.815455 - Found IEASVC00.txt (text/plain) in CBT.V508.FILE126.PDS, moved to PDS/IEASVC00
2025-04-04 04:45:28.815576 - Found IEAVMXIT.txt (text/plain) in CBT.V508.FILE126.PDS, moved to PDS/IEAVMXIT
2025-04-04 04:45:28.815705 - Found IEBCOPY.jcl (text/plain) in CBT.V508.FILE126.PDS, moved to PDS/IEBCOPY
2025-04-04 04:45:28.815825 - Found IEEC3PO.txt (text/plain) in CBT.V508.FILE126.PDS, moved to PDS/IEEC3PO
2025-04-04 04:45:28.816172 - Found IGC0025B.txt (text/plain) in CBT.V508.FILE126.PDS, moved to PDS/IGC0025B
2025-04-04 04:45:28.816296 - Found JES2PARM.txt (text/plain) in CBT.V508.FILE126.PDS, moved to PDS/JES2PARM
2025-04-04 04:45:28.816423 - Found KEYSCAN.txt (text/plain) in CBT.V508.FILE126.PDS, moved to PDS/KEYSCAN
2025-04-04 04:45:28.816606 - Found KEYT.txt (text/plain) in CBT.V508.FILE126.PDS, moved to PDS/KEYT
2025-04-04 04:45:28.816724 - Found LLB0007.txt (text/plain) in CBT.V508.FILE126.PDS, moved to PDS/LLB0007
2025-04-04 04:45:28.816834 - Found MSGENT.txt (text/plain) in CBT.V508.FILE126.PDS, moved to PDS/MSGENT
2025-04-04 04:45:28.816943 - Found WTOR.jcl (text/plain) in CBT.V508.FILE126.PDS, moved to PDS/WTOR
